###############################################################################
#                                                                             #
# IAR ELF Linker V6.30.4.53288/W32 for ARM              20/Mar/2012  19:06:36 #
# Copyright 2007-2011 IAR Systems AB.                                         #
#                                                                             #
#    Output file  =  D:\My Dropbox\Lowell\Embedded                            #
#                    Systems\Prog4\App\Flash\Exe\Prog3.out                    #
#    Map file     =  D:\My Dropbox\Lowell\Embedded                            #
#                    Systems\Prog4\App\Flash\List\Prog3.map                   #
#    Command line =  "D:\My Dropbox\Lowell\Embedded                           #
#                    Systems\Prog4\App\Flash\Obj\Bfr.o" "D:\My                #
#                    Dropbox\Lowell\Embedded Systems\Prog4\App\Flash\Obj\BfrQ #
#                    .o" "D:\My Dropbox\Lowell\Embedded                       #
#                    Systems\Prog4\App\Flash\Obj\Intrpt.o" "D:\My             #
#                    Dropbox\Lowell\Embedded Systems\Prog4\App\Flash\Obj\Pars #
#                    er.o" "D:\My Dropbox\Lowell\Embedded                     #
#                    Systems\Prog4\App\Flash\Obj\Payload.o" "D:\My            #
#                    Dropbox\Lowell\Embedded Systems\Prog4\App\Flash\Obj\Prog #
#                    4.o" "D:\My Dropbox\Lowell\Embedded                      #
#                    Systems\Prog4\App\Flash\Obj\Reply.o" "D:\My              #
#                    Dropbox\Lowell\Embedded Systems\Prog4\App\Flash\Obj\SerI #
#                    ODriver.o" "D:\My Dropbox\Lowell\Embedded                #
#                    Systems\Prog4\App\Flash\Obj\app_vect.o" "D:\My           #
#                    Dropbox\Lowell\Embedded Systems\Prog4\App\Flash\Obj\bsp. #
#                    o" "D:\My Dropbox\Lowell\Embedded                        #
#                    Systems\Prog4\App\Flash\Obj\bsp_i2c.o" "D:\My            #
#                    Dropbox\Lowell\Embedded Systems\Prog4\App\Flash\Obj\bsp_ #
#                    int.o" "D:\My Dropbox\Lowell\Embedded                    #
#                    Systems\Prog4\App\Flash\Obj\bsp_os.o" "D:\My             #
#                    Dropbox\Lowell\Embedded Systems\Prog4\App\Flash\Obj\bsp_ #
#                    periph.o" "D:\My Dropbox\Lowell\Embedded                 #
#                    Systems\Prog4\App\Flash\Obj\bsp_ser.o" "D:\My            #
#                    Dropbox\Lowell\Embedded Systems\Prog4\App\Flash\Obj\bsp_ #
#                    stlm75.o" "D:\My Dropbox\Lowell\Embedded                 #
#                    Systems\Prog4\App\Flash\Obj\os_app_hooks.o" "D:\My       #
#                    Dropbox\Lowell\Embedded Systems\Prog4\App\Flash\Obj\os_c #
#                    fg_app.o" "D:\My Dropbox\Lowell\Embedded                 #
#                    Systems\Prog4\App\Flash\Obj\os_dbg.o" "D:\My             #
#                    Dropbox\Lowell\Embedded Systems\Prog4\App\Flash\Obj\stm3 #
#                    2f10x_adc.o" "D:\My Dropbox\Lowell\Embedded              #
#                    Systems\Prog4\App\Flash\Obj\stm32f10x_bkp.o" "D:\My      #
#                    Dropbox\Lowell\Embedded Systems\Prog4\App\Flash\Obj\stm3 #
#                    2f10x_can.o" "D:\My Dropbox\Lowell\Embedded              #
#                    Systems\Prog4\App\Flash\Obj\stm32f10x_crc.o" "D:\My      #
#                    Dropbox\Lowell\Embedded Systems\Prog4\App\Flash\Obj\stm3 #
#                    2f10x_dac.o" "D:\My Dropbox\Lowell\Embedded              #
#                    Systems\Prog4\App\Flash\Obj\stm32f10x_dbgmcu.o" "D:\My   #
#                    Dropbox\Lowell\Embedded Systems\Prog4\App\Flash\Obj\stm3 #
#                    2f10x_dma.o" "D:\My Dropbox\Lowell\Embedded              #
#                    Systems\Prog4\App\Flash\Obj\stm32f10x_exti.o" "D:\My     #
#                    Dropbox\Lowell\Embedded Systems\Prog4\App\Flash\Obj\stm3 #
#                    2f10x_flash.o" "D:\My Dropbox\Lowell\Embedded            #
#                    Systems\Prog4\App\Flash\Obj\stm32f10x_fsmc.o" "D:\My     #
#                    Dropbox\Lowell\Embedded Systems\Prog4\App\Flash\Obj\stm3 #
#                    2f10x_gpio.o" "D:\My Dropbox\Lowell\Embedded             #
#                    Systems\Prog4\App\Flash\Obj\stm32f10x_i2c.o" "D:\My      #
#                    Dropbox\Lowell\Embedded Systems\Prog4\App\Flash\Obj\stm3 #
#                    2f10x_iwdg.o" "D:\My Dropbox\Lowell\Embedded             #
#                    Systems\Prog4\App\Flash\Obj\stm32f10x_lib.o" "D:\My      #
#                    Dropbox\Lowell\Embedded Systems\Prog4\App\Flash\Obj\stm3 #
#                    2f10x_nvic.o" "D:\My Dropbox\Lowell\Embedded             #
#                    Systems\Prog4\App\Flash\Obj\stm32f10x_pwr.o" "D:\My      #
#                    Dropbox\Lowell\Embedded Systems\Prog4\App\Flash\Obj\stm3 #
#                    2f10x_rcc.o" "D:\My Dropbox\Lowell\Embedded              #
#                    Systems\Prog4\App\Flash\Obj\stm32f10x_rtc.o" "D:\My      #
#                    Dropbox\Lowell\Embedded Systems\Prog4\App\Flash\Obj\stm3 #
#                    2f10x_sdio.o" "D:\My Dropbox\Lowell\Embedded             #
#                    Systems\Prog4\App\Flash\Obj\stm32f10x_spi.o" "D:\My      #
#                    Dropbox\Lowell\Embedded Systems\Prog4\App\Flash\Obj\stm3 #
#                    2f10x_systick.o" "D:\My Dropbox\Lowell\Embedded          #
#                    Systems\Prog4\App\Flash\Obj\stm32f10x_tim.o" "D:\My      #
#                    Dropbox\Lowell\Embedded Systems\Prog4\App\Flash\Obj\stm3 #
#                    2f10x_usart.o" "D:\My Dropbox\Lowell\Embedded            #
#                    Systems\Prog4\App\Flash\Obj\stm32f10x_wwdg.o" "D:\My     #
#                    Dropbox\Lowell\Embedded Systems\Prog4\uCOS-III-Lib\uC-CP #
#                    U-CM3-IAR.a" "D:\My Dropbox\Lowell\Embedded              #
#                    Systems\Prog4\uCOS-III-Lib\uC-LIB-CM3-IAR.a" "D:\My      #
#                    Dropbox\Lowell\Embedded Systems\Prog4\uCOS-III-Lib\uCOS- #
#                    III-CM3-IAR.a" --redirect _Printf=_PrintfFull            #
#                    --redirect _Scanf=_ScanfFull -o "D:\My                   #
#                    Dropbox\Lowell\Embedded Systems\Prog4\App\Flash\Exe\Prog #
#                    3.out" --map "D:\My Dropbox\Lowell\Embedded              #
#                    Systems\Prog4\App\Flash\List\Prog3.map" --config "D:\My  #
#                    Dropbox\Lowell\Embedded Systems\Prog4\App\..\BSP\STM32_F #
#                    LASH.icf" --semihosting --entry __iar_program_start      #
#                    --vfe                                                    #
#                                                                             #
#                                                                             #
###############################################################################

*******************************************************************************
*** RUNTIME MODEL ATTRIBUTES
***

CppFlavor       = *
__SystemLibrary = DLib


*******************************************************************************
*** PLACEMENT SUMMARY
***

"A1":  place at 0x08000000 { ro section .intvec };
"P2":  place in [from 0x080000ec to 0x0803ffff] { ro };
"P3":  place in [from 0x20000000 to 0x2000ffff] { block CSTACK };
"P4":  place in [from 0x20000000 to 0x2000ffff] { rw, block HEAP };

  Section          Kind        Address    Size  Object
  -------          ----        -------    ----  ------
"A1":                                    0x150
  .intvec          const    0x08000000   0x150  app_vect.o [1]
                          - 0x08000150   0x150

"P2":                                   0x3bac
  .text            ro code  0x08000150   0xd1e  xprintffull.o [3]
  .text            ro code  0x08000e6e    0x22  zero_init3.o [5]
  .text            ro code  0x08000e90    0x16  strchr.o [5]
  .text            ro code  0x08000ea6     0xe  app_vect.o [1]
  .text            ro code  0x08000eb4    0x36  strlen.o [5]
  .text            ro code  0x08000eea     0xa  xsprout.o [3]
  .text            ro code  0x08000ef4    0x58  memchr.o [5]
  .text            ro code  0x08000f4c    0xee  I64DivMod.o [5]
  .text            ro code  0x0800103c    0x76  ABImemcpy.o [5]
  .text            ro code  0x080010b2    0x44  xdnorm.o [4]
  .text            ro code  0x080010f8    0x2e  DblCmpLe.o [4]
  .text            ro code  0x08001128    0x2e  DblCmpGe.o [4]
  .text            ro code  0x08001158   0x11a  xdscale.o [4]
  .text            ro code  0x08001274    0x58  DblToI32.o [4]
  .text            ro code  0x080012cc    0x30  I32ToDbl.o [4]
  .text            ro code  0x080012fc   0x180  DblSub.o [4]
  .text            ro code  0x0800147c   0x1a2  DblMul.o [4]
  .text            ro code  0x08001620   0x246  DblDiv.o [4]
  .text            ro code  0x08001866     0xe  div.o [3]
  .text            ro code  0x08001874     0x2  I64DivZer.o [5]
  .text            ro code  0x08001878    0xd4  DblAdd.o [4]
  .text            ro code  0x0800194c   0x5aa  os_core.o [9]
  CODE             ro code  0x08001ef8    0x2a  cpu_a.o [7]
  .text            ro code  0x08001f24    0xe8  cpu_core.o [7]
  .text            ro code  0x0800200c    0x5c  os_prio.o [9]
  CODE             ro code  0x08002068    0x94  os_cpu_a.o [9]
  .text            ro code  0x080020fc    0x52  os_tick.o [9]
  .text            ro code  0x08002150   0x13c  bsp.o [1]
  .text            ro code  0x0800228c   0x470  stm32f10x_rcc.o [1]
  .text            ro code  0x080026fc    0x44  stm32f10x_flash.o [1]
  .text            ro code  0x08002740   0x1b0  stm32f10x_gpio.o [1]
  .text            ro code  0x080028f0   0x438  Payload.o [1]
  .text            ro code  0x08002d28    0x34  sprintf.o [3]
  .text            ro code  0x08002d5c    0x16  Payload.o [1]
  .text            ro code  0x08002d72   0x13c  BfrQ.o [1]
  .text            ro code  0x08002eb0    0x6c  strncpy.o [5]
  .text            ro code  0x08002f1c    0xb8  Reply.o [1]
  .text            ro code  0x08002fd4    0x66  ABImemset.o [5]
  .text            ro code  0x0800303a    0xde  Bfr.o [1]
  .text            ro code  0x08003118    0xdc  SerIODriver.o [1]
  .text            ro code  0x080031f4    0x44  strcpy.o [5]
  .text            ro code  0x08003238    0x2e  strncat.o [3]
  .text            ro code  0x08003268   0x2a8  bsp_int.o [1]
  .text            ro code  0x08003510   0x19c  Parser.o [1]
  .text            ro code  0x080036ac   0x104  stm32f10x_usart.o [1]
  .text            ro code  0x080037b0   0x104  os_task.o [9]
  .text            ro code  0x080038b4    0xf0  os_cpu_c.o [9]
  .text            ro code  0x080039a4    0x60  os_time.o [9]
  .text            ro code  0x08003a04    0xac  bsp_ser.o [1]
  .text            ro code  0x08003ab0    0x90  bsp_periph.o [1]
  .text            ro code  0x08003b40    0x44  Prog4.o [1]
  .text            ro code  0x08003b84    0x2c  data_init3.o [5]
  .iar.init_table  const    0x08003bb0    0x10  - Linker created -
  .rodata          const    0x08003bc0    0x1c  Payload.o [1]
  .rodata          const    0x08003bdc    0x1c  Payload.o [1]
  .rodata          const    0x08003bf8    0x18  Payload.o [1]
  .text            ro code  0x08003c10    0x16  cmain.o [5]
  .text            ro code  0x08003c26     0x4  low_level_init.o [3]
  .text            ro code  0x08003c2a     0x4  exit.o [3]
  .text            ro code  0x08003c30     0xa  cexit.o [5]
  .text            ro code  0x08003c3c    0x14  exit.o [6]
  .rodata          const    0x08003c50    0x10  Payload.o [1]
  .rodata          const    0x08003c60    0x10  Payload.o [1]
  .rodata          const    0x08003c70    0x10  Payload.o [1]
  .rodata          const    0x08003c80    0x10  Payload.o [1]
  .rodata          const    0x08003c90    0x10  Payload.o [1]
  .rodata          const    0x08003ca0    0x10  stm32f10x_rcc.o [1]
  .rodata          const    0x08003cb0     0xc  Payload.o [1]
  .rodata          const    0x08003cbc     0xc  Payload.o [1]
  .rodata          const    0x08003cc8     0xc  Payload.o [1]
  .rodata          const    0x08003cd4     0xc  Reply.o [1]
  .rodata          const    0x08003ce0     0xc  Reply.o [1]
  .text            ro code  0x08003cec     0xc  cstartup_M.o [5]
  .rodata          const    0x08003cf8     0x4  stm32f10x_rcc.o [1]
  .rodata          const    0x08003cfc     0x0  bwt_init3c.o [5]
                          - 0x08003cfc  0x3bac

"P3":                                   0x1000
  CSTACK                    0x20000000  0x1000  <Block>
    CSTACK         uninit   0x20000000  0x1000  <Block tail>
                          - 0x20001000  0x1000

"P4":                                    0x904
  .bss             zero     0x20001000   0x180  Payload.o [1]
  .bss             zero     0x20001180   0x180  Payload.o [1]
  .bss             zero     0x20001300   0x110  bsp_int.o [1]
  .bss             zero     0x20001410    0xd0  __dbg_uCOS-III.o [9]
  .bss             zero     0x200014e0    0xd0  __dbg_uCOS-III.o [9]
  .bss             zero     0x200015b0    0xd0  __dbg_uCOS-III.o [9]
  .bss             zero     0x20001680    0x80  SerIODriver.o [1]
  .bss             zero     0x20001700    0x80  SerIODriver.o [1]
  .bss             zero     0x20001780    0x60  __dbg_uCOS-III.o [9]
  .bss             zero     0x200017e0    0x34  Payload.o [1]
  .bss             zero     0x20001814    0x34  Payload.o [1]
  .bss             zero     0x20001848    0x28  Payload.o [1]
  .bss             zero     0x20001870    0x10  Parser.o [1]
  .bss             zero     0x20001880    0x10  Payload.o [1]
  .bss             zero     0x20001890    0x10  SerIODriver.o [1]
  .bss             zero     0x200018a0    0x10  SerIODriver.o [1]
  .bss             zero     0x200018b0     0x4  bsp.o [1]
  .bss             zero     0x200018b4     0x4  os_cpu_c.o [9]
  .bss             zero     0x200018b8     0x4  cpu_core.o [7]
  .bss             zero     0x200018bc     0x4  cpu_core.o [7]
  .bss             zero     0x200018c0     0x4  cpu_core.o [7]
  .bss             zero     0x200018c4     0x4  cpu_core.o [7]
  .bss             zero     0x200018c8     0x4  cpu_core.o [7]
  .bss             zero     0x200018cc     0x4  __dbg_uCOS-III.o [9]
  .bss             zero     0x200018d0     0x4  __dbg_uCOS-III.o [9]
  .bss             zero     0x200018d4     0x4  __dbg_uCOS-III.o [9]
  .bss             zero     0x200018d8     0x4  __dbg_uCOS-III.o [9]
  .bss             zero     0x200018dc     0x4  __dbg_uCOS-III.o [9]
  .bss             zero     0x200018e0     0x4  __dbg_uCOS-III.o [9]
  .bss             zero     0x200018e4     0x4  __dbg_uCOS-III.o [9]
  .bss             zero     0x200018e8     0x4  __dbg_uCOS-III.o [9]
  .bss             zero     0x200018ec     0x4  __dbg_uCOS-III.o [9]
  .bss             zero     0x200018f0     0x4  os_prio.o [9]
  .bss             zero     0x200018f4     0x2  cpu_core.o [7]
  .bss             zero     0x200018f6     0x2  cpu_core.o [7]
  .bss             zero     0x200018f8     0x1  Parser.o [1]
  .bss             zero     0x200018f9     0x1  Parser.o [1]
  .bss             zero     0x200018fa     0x1  Parser.o [1]
  .bss             zero     0x200018fb     0x1  Payload.o [1]
  .bss             zero     0x200018fc     0x1  Payload.o [1]
  .bss             zero     0x200018fd     0x1  __dbg_uCOS-III.o [9]
  .bss             zero     0x200018fe     0x1  __dbg_uCOS-III.o [9]
  .bss             zero     0x200018ff     0x1  __dbg_uCOS-III.o [9]
  .bss             zero     0x20001900     0x1  __dbg_uCOS-III.o [9]
  .bss             zero     0x20001901     0x1  __dbg_uCOS-III.o [9]
  .bss             zero     0x20001902     0x1  __dbg_uCOS-III.o [9]
                          - 0x20001903   0x903


*******************************************************************************
*** INIT TABLE
***

          Address     Size
          -------     ----
Zero (__iar_zero_init3)
    1 destination range, total size 0x903:
          0x20001000  0x903



*******************************************************************************
*** MODULE SUMMARY
***

    Module             ro code  ro data  rw data
    ------             -------  -------  -------
D:\My Dropbox\Lowell\Embedded Systems\Prog4\App\Flash\Obj: [1]
    Bfr.o                  222
    BfrQ.o                 316
    Parser.o               412                19
    Payload.o            1 102      196      930
    Prog4.o                 68
    Reply.o                184       24
    SerIODriver.o          220               288
    app_vect.o              14      336
    bsp.o                  316                 4
    bsp_int.o              680               272
    bsp_periph.o           144
    bsp_ser.o              172
    stm32f10x_flash.o       68
    stm32f10x_gpio.o       432
    stm32f10x_rcc.o      1 136       20
    stm32f10x_usart.o      260
    --------------------------------------------
    Total:               5 746      576    1 513

command line: [2]
    --------------------------------------------
    Total:

dl7M_tln.a: [3]
    div.o                   14
    exit.o                   4
    low_level_init.o         4
    sprintf.o               52
    strncat.o               46
    xprintffull.o        3 358
    xsprout.o               10
    --------------------------------------------
    Total:               3 488

m7M_tl.a: [4]
    DblAdd.o               212
    DblCmpGe.o              46
    DblCmpLe.o              46
    DblDiv.o               582
    DblMul.o               418
    DblSub.o               384
    DblToI32.o              88
    I32ToDbl.o              48
    xdnorm.o                68
    xdscale.o              282
    --------------------------------------------
    Total:               2 174

rt7M_tl.a: [5]
    ABImemcpy.o            118
    ABImemset.o            102
    I64DivMod.o            238
    I64DivZer.o              2
    bwt_init3c.o
    cexit.o                 10
    cmain.o                 22
    cstartup_M.o            12
    data_init3.o            44
    memchr.o                88
    strchr.o                22
    strcpy.o                68
    strlen.o                54
    strncpy.o              108
    zero_init3.o            34
    --------------------------------------------
    Total:                 922

shb_l.a: [6]
    exit.o                  20
    --------------------------------------------
    Total:                  20

uC-CPU-CM3-IAR.a: [7]
    cpu_a.o                 42
    cpu_core.o             232                24
    --------------------------------------------
    Total:                 274                24

uC-LIB-CM3-IAR.a: [8]
    --------------------------------------------
    Total:

uCOS-III-CM3-IAR.a: [9]
    __dbg_uCOS-III.o                         762
    os_core.o            1 450
    os_cpu_a.o             148
    os_cpu_c.o             240                 4
    os_prio.o               92                 4
    os_task.o              260
    os_tick.o               82
    os_time.o               96
    --------------------------------------------
    Total:               2 368               770

    Gaps                    28
    Linker created                   16    4 096
------------------------------------------------
    Grand Total:        15 020      592    6 403


*******************************************************************************
*** ENTRY LIST
***

Entry                      Address   Size  Type      Object
-----                      -------   ----  ----      ------
?main                   0x08003c11         Code  Gb  cmain.o [5]
ADCPrescTable           0x08003cf8    0x4  Data  Lc  stm32f10x_rcc.o [1]
APBAHBPrescTable        0x08003ca0   0x10  Data  Lc  stm32f10x_rcc.o [1]
AppMain                 0x08003b5b   0x2a  Code  Gb  Prog4.o [1]
App_BusFault_ISR        0x08000eab    0x2  Code  Lc  app_vect.o [1]
App_Fault_ISR           0x08000ea9    0x2  Code  Lc  app_vect.o [1]
App_MemFault_ISR        0x08000eaf    0x2  Code  Lc  app_vect.o [1]
App_NMI_ISR             0x08000ea7    0x2  Code  Lc  app_vect.o [1]
App_Reserved_ISR        0x08000eb3    0x2  Code  Lc  app_vect.o [1]
App_Spurious_ISR        0x08000eb1    0x2  Code  Lc  app_vect.o [1]
App_UsageFault_ISR      0x08000ead    0x2  Code  Lc  app_vect.o [1]
BSP_CPU_ClkFreq         0x0800221b   0x10  Code  Gb  bsp.o [1]
BSP_CPU_ClkFreq_MHz     0x200018b0    0x4  Data  Gb  bsp.o [1]
BSP_Init                0x08002151   0xca  Code  Gb  bsp.o [1]
BSP_IntDisAll           0x08003269    0x8  Code  Gb  bsp_int.o [1]
BSP_IntHandler          0x080034d3   0x38  Code  Lc  bsp_int.o [1]
BSP_IntHandlerADC1_2    0x08003325    0xa  Code  Gb  bsp_int.o [1]
BSP_IntHandlerCAN1_RX0  0x08003339    0xa  Code  Gb  bsp_int.o [1]
BSP_IntHandlerCAN1_RX1  0x08003343    0xa  Code  Gb  bsp_int.o [1]
BSP_IntHandlerCAN1_SCE  0x0800334d    0xa  Code  Gb  bsp_int.o [1]
BSP_IntHandlerCAN1_TX   0x0800332f    0xa  Code  Gb  bsp_int.o [1]
BSP_IntHandlerCAN2_RX0  0x080034ab    0xa  Code  Gb  bsp_int.o [1]
BSP_IntHandlerCAN2_RX1  0x080034b5    0xa  Code  Gb  bsp_int.o [1]
BSP_IntHandlerCAN2_SCE  0x080034bf    0xa  Code  Gb  bsp_int.o [1]
BSP_IntHandlerCAN2_TX   0x080034a1    0xa  Code  Gb  bsp_int.o [1]
BSP_IntHandlerDMA1_CH1  0x080032df    0xa  Code  Gb  bsp_int.o [1]
BSP_IntHandlerDMA1_CH2  0x080032e9    0xa  Code  Gb  bsp_int.o [1]
BSP_IntHandlerDMA1_CH3  0x080032f3    0xa  Code  Gb  bsp_int.o [1]
BSP_IntHandlerDMA1_CH4  0x080032fd    0xa  Code  Gb  bsp_int.o [1]
BSP_IntHandlerDMA1_CH5  0x08003307    0xa  Code  Gb  bsp_int.o [1]
BSP_IntHandlerDMA1_CH6  0x08003311    0xa  Code  Gb  bsp_int.o [1]
BSP_IntHandlerDMA1_CH7  0x0800331b    0xa  Code  Gb  bsp_int.o [1]
BSP_IntHandlerDMA2_CH1  0x0800345b    0xa  Code  Gb  bsp_int.o [1]
BSP_IntHandlerDMA2_CH2  0x08003465    0xa  Code  Gb  bsp_int.o [1]
BSP_IntHandlerDMA2_CH3  0x0800346f    0xa  Code  Gb  bsp_int.o [1]
BSP_IntHandlerDMA2_CH4  0x08003479    0xa  Code  Gb  bsp_int.o [1]
BSP_IntHandlerDMA2_CH5  0x08003483    0xa  Code  Gb  bsp_int.o [1]
BSP_IntHandlerETH       0x0800348d    0xa  Code  Gb  bsp_int.o [1]
BSP_IntHandlerETHWakeup
                        0x08003497    0xa  Code  Gb  bsp_int.o [1]
BSP_IntHandlerEXTI0     0x080032ad    0xa  Code  Gb  bsp_int.o [1]
BSP_IntHandlerEXTI1     0x080032b7    0xa  Code  Gb  bsp_int.o [1]
BSP_IntHandlerEXTI15_10
                        0x08003401    0xa  Code  Gb  bsp_int.o [1]
BSP_IntHandlerEXTI2     0x080032c1    0xa  Code  Gb  bsp_int.o [1]
BSP_IntHandlerEXTI3     0x080032cb    0xa  Code  Gb  bsp_int.o [1]
BSP_IntHandlerEXTI4     0x080032d5    0xa  Code  Gb  bsp_int.o [1]
BSP_IntHandlerEXTI9_5   0x08003357    0xa  Code  Gb  bsp_int.o [1]
BSP_IntHandlerFLASH     0x08003299    0xa  Code  Gb  bsp_int.o [1]
BSP_IntHandlerI2C1_ER   0x080033b1    0xa  Code  Gb  bsp_int.o [1]
BSP_IntHandlerI2C1_EV   0x080033a7    0xa  Code  Gb  bsp_int.o [1]
BSP_IntHandlerI2C2_ER   0x080033c5    0xa  Code  Gb  bsp_int.o [1]
BSP_IntHandlerI2C2_EV   0x080033bb    0xa  Code  Gb  bsp_int.o [1]
BSP_IntHandlerOTG       0x080034c9    0xa  Code  Gb  bsp_int.o [1]
BSP_IntHandlerPVD       0x0800327b    0xa  Code  Gb  bsp_int.o [1]
BSP_IntHandlerRCC       0x080032a3    0xa  Code  Gb  bsp_int.o [1]
BSP_IntHandlerRTC       0x0800328f    0xa  Code  Gb  bsp_int.o [1]
BSP_IntHandlerRTCAlarm  0x0800340b    0xa  Code  Gb  bsp_int.o [1]
BSP_IntHandlerSPI1      0x080033cf    0xa  Code  Gb  bsp_int.o [1]
BSP_IntHandlerSPI2      0x080033d9    0xa  Code  Gb  bsp_int.o [1]
BSP_IntHandlerSPI3      0x08003429    0xa  Code  Gb  bsp_int.o [1]
BSP_IntHandlerTAMPER    0x08003285    0xa  Code  Gb  bsp_int.o [1]
BSP_IntHandlerTIM1_BRK  0x08003361    0xa  Code  Gb  bsp_int.o [1]
BSP_IntHandlerTIM1_CC   0x0800337f    0xa  Code  Gb  bsp_int.o [1]
BSP_IntHandlerTIM1_TRG_COM
                        0x08003375    0xa  Code  Gb  bsp_int.o [1]
BSP_IntHandlerTIM1_UP   0x0800336b    0xa  Code  Gb  bsp_int.o [1]
BSP_IntHandlerTIM2      0x08003389    0xa  Code  Gb  bsp_int.o [1]
BSP_IntHandlerTIM3      0x08003393    0xa  Code  Gb  bsp_int.o [1]
BSP_IntHandlerTIM4      0x0800339d    0xa  Code  Gb  bsp_int.o [1]
BSP_IntHandlerTIM5      0x0800341f    0xa  Code  Gb  bsp_int.o [1]
BSP_IntHandlerTIM6      0x08003447    0xa  Code  Gb  bsp_int.o [1]
BSP_IntHandlerTIM7      0x08003451    0xa  Code  Gb  bsp_int.o [1]
BSP_IntHandlerUSART1    0x080033e3    0xa  Code  Gb  bsp_int.o [1]
BSP_IntHandlerUSART2    0x080033ed    0xa  Code  Gb  bsp_int.o [1]
BSP_IntHandlerUSART3    0x080033f7    0xa  Code  Gb  bsp_int.o [1]
BSP_IntHandlerUSART4    0x08003433    0xa  Code  Gb  bsp_int.o [1]
BSP_IntHandlerUSART5    0x0800343d    0xa  Code  Gb  bsp_int.o [1]
BSP_IntHandlerUSBWakeUp
                        0x08003415    0xa  Code  Gb  bsp_int.o [1]
BSP_IntHandlerWWDG      0x08003271    0xa  Code  Gb  bsp_int.o [1]
BSP_IntVectTbl          0x20001300  0x110  Data  Lc  bsp_int.o [1]
BSP_LED_Init            0x0800222b   0x28  Code  Lc  bsp.o [1]
BSP_PeriphEn            0x08003ab1   0x84  Code  Gb  bsp_periph.o [1]
BSP_Ser_Init            0x08003a05   0xa4  Code  Gb  bsp_ser.o [1]
BSP_StatusInit          0x08002253   0x1e  Code  Lc  bsp.o [1]
BfrAddByte              0x0800307f   0x38  Code  Gb  Bfr.o [1]
BfrClose                0x0800310d    0x6  Code  Gb  Bfr.o [1]
BfrClosed               0x08003109    0x4  Code  Gb  Bfr.o [1]
BfrEmpty                0x0800306f   0x10  Code  Gb  Bfr.o [1]
BfrFull                 0x0800305d   0x12  Code  Gb  Bfr.o [1]
BfrInit                 0x0800303b   0x14  Code  Gb  Bfr.o [1]
BfrNextByte             0x080030eb   0x1e  Code  Gb  Bfr.o [1]
BfrOpen                 0x08003113    0x6  Code  Gb  Bfr.o [1]
BfrQAddByte             0x08002e51   0x2a  Code  Gb  BfrQ.o [1]
BfrQCloseWrite          0x08002deb   0x20  Code  Gb  BfrQ.o [1]
BfrQInit                0x08002d73   0x54  Code  Gb  BfrQ.o [1]
BfrQNextByte            0x08002e7b   0x10  Code  Gb  BfrQ.o [1]
BfrQOpenRead            0x08002e0b   0x26  Code  Gb  BfrQ.o [1]
BfrQReadBfrAddr         0x08002de1    0xa  Code  Gb  BfrQ.o [1]
BfrQReadClosed          0x08002e41   0x10  Code  Gb  BfrQ.o [1]
BfrQReadReset           0x08002dc7   0x10  Code  Gb  BfrQ.o [1]
BfrQRemByte             0x08002e8b   0x24  Code  Gb  BfrQ.o [1]
BfrQWriteBfrAddr        0x08002dd7    0xa  Code  Gb  BfrQ.o [1]
BfrQWriteClosed         0x08002e31   0x10  Code  Gb  BfrQ.o [1]
BfrRemByte              0x080030b7   0x34  Code  Gb  Bfr.o [1]
BfrReset                0x0800304f    0xe  Code  Gb  Bfr.o [1]
CPU_CntLeadZeros        0x08001f0f         Code  Gb  cpu_a.o [7]
CPU_IntDis              0x08001ef9         Code  Gb  cpu_a.o [7]
CPU_IntDisMeasCtr       0x200018f4    0x2  Data  Gb  cpu_core.o [7]
CPU_IntDisMeasMaxCalc   0x08001fd5   0x1a  Code  Lc  cpu_core.o [7]
CPU_IntDisMeasMaxCurGet
                        0x08001f47   0x24  Code  Gb  cpu_core.o [7]
CPU_IntDisMeasMaxCurReset
                        0x08001f25   0x22  Code  Gb  cpu_core.o [7]
CPU_IntDisMeasMaxCur_cnts
                        0x200018c4    0x4  Data  Gb  cpu_core.o [7]
CPU_IntDisMeasMax_cnts  0x200018c8    0x4  Data  Gb  cpu_core.o [7]
CPU_IntDisMeasOvrhd_cnts
                        0x200018c0    0x4  Data  Gb  cpu_core.o [7]
CPU_IntDisMeasStart     0x08001f6b   0x28  Code  Gb  cpu_core.o [7]
CPU_IntDisMeasStart_cnts
                        0x200018b8    0x4  Data  Gb  cpu_core.o [7]
CPU_IntDisMeasStop      0x08001f93   0x42  Code  Gb  cpu_core.o [7]
CPU_IntDisMeasStop_cnts
                        0x200018bc    0x4  Data  Gb  cpu_core.o [7]
CPU_IntDisNestCtr       0x200018f6    0x2  Data  Gb  cpu_core.o [7]
CPU_IntEn               0x08001efd         Code  Gb  cpu_a.o [7]
CPU_RevBits             0x08001f15         Code  Gb  cpu_a.o [7]
CPU_SR_Restore          0x08001f09         Code  Gb  cpu_a.o [7]
CPU_SR_Save             0x08001f01         Code  Gb  cpu_a.o [7]
CPU_TS_TmrRd            0x08002271    0x6  Code  Gb  bsp.o [1]
CPU_WaitForExcept       0x08001f1f         Code  Gb  cpu_a.o [7]
CPU_WaitForInt          0x08001f1b         Code  Gb  cpu_a.o [7]
CSTACK$$Base            0x20000000          --   Gb  - Linker created -
CSTACK$$Limit           0x20001000          --   Gb  - Linker created -
ConstructError          0x08002b4b   0x52  Code  Gb  Payload.o [1]
ConstructMessage        0x08002a33   0xf0  Code  Gb  Payload.o [1]
ConstructPayload        0x08002b9d   0x42  Code  Gb  Payload.o [1]
Error                   0x08003511    0xc  Code  Gb  Parser.o [1]
FLASH_PrefetchBufferCmd
                        0x0800271d   0x20  Code  Gb  stm32f10x_flash.o [1]
FLASH_SetLatency        0x080026fd   0x20  Code  Gb  stm32f10x_flash.o [1]
GPIO_Init               0x08002741  0x138  Code  Gb  stm32f10x_gpio.o [1]
GPIO_PinRemapConfig     0x08002879   0x72  Code  Gb  stm32f10x_gpio.o [1]
GetByte                 0x0800316f    0xa  Code  Gb  SerIODriver.o [1]
InitSerIO               0x08003119   0x46  Code  Gb  SerIODriver.o [1]
LoadPayloadBfrQ         0x0800351d   0x48  Code  Gb  Parser.o [1]
NextByte                0x08003179    0xa  Code  Gb  SerIODriver.o [1]
OSCtxSw                 0x08002087         Code  Gb  os_cpu_a.o [9]
OSIdleTaskTCB           0x20001410   0xd0  Data  Gb  __dbg_uCOS-III.o [9]
OSIntCtxSw              0x0800208f         Code  Gb  os_cpu_a.o [9]
OSIntEnter              0x0800194d   0x24  Code  Gb  os_core.o [9]
OSIntExit               0x08001971  0x104  Code  Gb  os_core.o [9]
OSIntNestingCtr         0x200018fd    0x1  Data  Gb  __dbg_uCOS-III.o [9]
OSPrioCur               0x200018ff    0x1  Data  Gb  __dbg_uCOS-III.o [9]
OSPrioHighRdy           0x20001900    0x1  Data  Gb  __dbg_uCOS-III.o [9]
OSPrioTbl               0x200018f0    0x4  Data  Gb  os_prio.o [9]
OSRdyList               0x20001780   0x60  Data  Gb  __dbg_uCOS-III.o [9]
OSRunning               0x200018fe    0x1  Data  Gb  __dbg_uCOS-III.o [9]
OSSched                 0x08001a75   0xca  Code  Gb  os_core.o [9]
OSSchedLockNestingCtr   0x20001901    0x1  Data  Gb  __dbg_uCOS-III.o [9]
OSSchedLockTimeMaxCur   0x200018d4    0x4  Data  Gb  __dbg_uCOS-III.o [9]
OSSchedRoundRobinDfltTimeQuanta
                        0x200018d8    0x4  Data  Gb  __dbg_uCOS-III.o [9]
OSSchedRoundRobinEn     0x20001902    0x1  Data  Gb  __dbg_uCOS-III.o [9]
OSStartHighRdy          0x08002069         Code  Gb  os_cpu_a.o [9]
OSTCBCurPtr             0x200018e8    0x4  Data  Gb  __dbg_uCOS-III.o [9]
OSTCBHighRdyPtr         0x200018ec    0x4  Data  Gb  __dbg_uCOS-III.o [9]
OSTaskCtxSwCtr          0x200018dc    0x4  Data  Gb  __dbg_uCOS-III.o [9]
OSTaskSemPost           0x080037b1   0x26  Code  Gb  os_task.o [9]
OSTaskSwHook            0x080038b5   0x98  Code  Gb  os_cpu_c.o [9]
OSTickTaskTCB           0x200014e0   0xd0  Data  Gb  __dbg_uCOS-III.o [9]
OSTimeTick              0x080039a5   0x46  Code  Gb  os_time.o [9]
OSTimeTickHook          0x0800394d   0x12  Code  Gb  os_cpu_c.o [9]
OSTmrTaskTCB            0x200015b0   0xd0  Data  Gb  __dbg_uCOS-III.o [9]
OSTmrUpdateCnt          0x200018e0    0x4  Data  Gb  __dbg_uCOS-III.o [9]
OSTmrUpdateCtr          0x200018e4    0x4  Data  Gb  __dbg_uCOS-III.o [9]
OS_AppTaskSwHookPtr     0x200018cc    0x4  Data  Gb  __dbg_uCOS-III.o [9]
OS_AppTimeTickHookPtr   0x200018d0    0x4  Data  Gb  __dbg_uCOS-III.o [9]
OS_CPU_ExceptStkBase    0x200018b4    0x4  Data  Gb  os_cpu_c.o [9]
OS_CPU_PendSVHandler    0x08002097         Code  Gb  os_cpu_a.o [9]
OS_CPU_SysTickHandler   0x0800395f   0x2e  Code  Gb  os_cpu_c.o [9]
OS_PendDbgNameRemove    0x08001b3f   0x28  Code  Gb  os_core.o [9]
OS_PendListRemove       0x08001b6d   0x38  Code  Gb  os_core.o [9]
OS_PendListRemove1      0x08001ba5   0x54  Code  Gb  os_core.o [9]
OS_Post                 0x08001bf9   0xdc  Code  Gb  os_core.o [9]
OS_Post1                0x08001cd5   0x2c  Code  Gb  os_core.o [9]
OS_PrioGetHighest       0x0800200d   0x26  Code  Gb  os_prio.o [9]
OS_PrioInsert           0x08002033   0x30  Code  Gb  os_prio.o [9]
OS_RdyListInsert        0x08001d01   0x28  Code  Gb  os_core.o [9]
OS_RdyListInsertHead    0x08001d2d   0x42  Code  Gb  os_core.o [9]
OS_RdyListInsertTail    0x08001d79   0x40  Code  Gb  os_core.o [9]
OS_RdyListMoveHeadToTail
                        0x08001dbd   0x4a  Code  Gb  os_core.o [9]
OS_SchedRoundRobin      0x08001e0d   0xac  Code  Gb  os_core.o [9]
OS_TaskRdy              0x08001edd   0x1a  Code  Gb  os_core.o [9]
OS_TaskSemPost          0x080037d7   0xda  Code  Gb  os_task.o [9]
OS_TickListRemove       0x080020fd   0x52  Code  Gb  os_tick.o [9]
ParseByte               0x08003597  0x104  Code  Gb  Parser.o [1]
ParseDate               0x080029bd   0x76  Code  Gb  Payload.o [1]
ParsePrecip             0x0800296b   0x52  Code  Gb  Payload.o [1]
ParseWind               0x080028f1   0x7a  Code  Gb  Payload.o [1]
Parser                  0x08003565   0x32  Code  Gb  Parser.o [1]
PayloadBfrQ             0x200017e0   0x34  Data  Lc  Payload.o [1]
PayloadBfrSpace         0x20001000  0x180  Data  Lc  Payload.o [1]
PayloadInit             0x08002b23   0x28  Code  Gb  Payload.o [1]
PayloadTask             0x08002c2f   0x7a  Code  Gb  Payload.o [1]
PutByte                 0x0800315f   0x10  Code  Gb  SerIODriver.o [1]
RCC_ADCCLKConfig        0x0800248f   0x18  Code  Gb  stm32f10x_rcc.o [1]
RCC_APB2PeriphClockCmd  0x08002643   0x1e  Code  Gb  stm32f10x_rcc.o [1]
RCC_DeInit              0x0800228d   0x5e  Code  Gb  stm32f10x_rcc.o [1]
RCC_GetClocksFreq       0x080024af  0x194  Code  Gb  stm32f10x_rcc.o [1]
RCC_GetFlagStatus       0x08002661   0x50  Code  Gb  stm32f10x_rcc.o [1]
RCC_GetSYSCLKSource     0x08002439    0xc  Code  Gb  stm32f10x_rcc.o [1]
RCC_HCLKConfig          0x08002445   0x18  Code  Gb  stm32f10x_rcc.o [1]
RCC_HSEConfig           0x080022eb   0x56  Code  Gb  stm32f10x_rcc.o [1]
RCC_OTGFSCLKConfig      0x080024a7    0x8  Code  Gb  stm32f10x_rcc.o [1]
RCC_PCLK1Config         0x0800245d   0x18  Code  Gb  stm32f10x_rcc.o [1]
RCC_PCLK2Config         0x08002475   0x1a  Code  Gb  stm32f10x_rcc.o [1]
RCC_PLL1Cmd             0x080023d3    0xa  Code  Gb  stm32f10x_rcc.o [1]
RCC_PLL1Config          0x080023b7   0x1c  Code  Gb  stm32f10x_rcc.o [1]
RCC_PLL2Cmd             0x080023f5    0xa  Code  Gb  stm32f10x_rcc.o [1]
RCC_PLL2Config          0x080023dd   0x18  Code  Gb  stm32f10x_rcc.o [1]
RCC_PLL3Cmd             0x08002417    0xa  Code  Gb  stm32f10x_rcc.o [1]
RCC_PLL3Config          0x080023ff   0x18  Code  Gb  stm32f10x_rcc.o [1]
RCC_PREDIV1Config       0x08002381   0x1e  Code  Gb  stm32f10x_rcc.o [1]
RCC_PREDIV2Config       0x0800239f   0x18  Code  Gb  stm32f10x_rcc.o [1]
RCC_SYSCLKConfig        0x08002421   0x18  Code  Gb  stm32f10x_rcc.o [1]
RCC_WaitForHSEStartUp   0x08002341   0x40  Code  Gb  stm32f10x_rcc.o [1]
Region$$Table$$Base     0x08003bb0          --   Gb  - Linker created -
Region$$Table$$Limit    0x08003bc0          --   Gb  - Linker created -
Reply                   0x08002f1d   0x3a  Code  Gb  Reply.o [1]
ReplyBfrQ               0x20001814   0x34  Data  Lc  Payload.o [1]
ReplyBfrSpace           0x20001180  0x180  Data  Lc  Payload.o [1]
ReplyError              0x08002f73   0x56  Code  Gb  Reply.o [1]
ReplyPutMsg             0x08002f57   0x1c  Code  Gb  Reply.o [1]
ReverseBytes32          0x08002d09   0x20  Code  Gb  Payload.o [1]
SendMessage             0x08002bdf   0x50  Code  Gb  Payload.o [1]
ServiceRx               0x080031a5   0x24  Code  Gb  SerIODriver.o [1]
ServiceTx               0x08003183   0x22  Code  Gb  SerIODriver.o [1]
USART_ClockInit         0x08003771   0x24  Code  Gb  stm32f10x_usart.o [1]
USART_Cmd               0x08003795   0x1c  Code  Gb  stm32f10x_usart.o [1]
USART_Init              0x080036ad   0xc0  Code  Gb  stm32f10x_usart.o [1]
_GenldFull              0x08000bb5  0x270  Code  Lc  xprintffull.o [3]
_LdtobFull              0x080007a5  0x400  Code  Lc  xprintffull.o [3]
_LitobFull              0x0800067f  0x126  Code  Lc  xprintffull.o [3]
_PrintfFull             0x08000151  0x52e  Code  Gb  xprintffull.o [3]
_PutcharsFull           0x08000e25   0x2e  Code  Lc  xprintffull.o [3]
_SProut                 0x08000eeb    0xa  Code  Gb  xsprout.o [3]
__aeabi_cdcmple         0x080010f9         Code  Gb  DblCmpLe.o [4]
__aeabi_cdrcmple        0x08001129         Code  Gb  DblCmpGe.o [4]
__aeabi_d2iz            0x08001275         Code  Gb  DblToI32.o [4]
__aeabi_d2uiz           0x080012a1         Code  Gb  DblToI32.o [4]
__aeabi_ddiv            0x08001621         Code  Gb  DblDiv.o [4]
__aeabi_dmul            0x0800147d         Code  Gb  DblMul.o [4]
__aeabi_dsub            0x080012fd         Code  Gb  DblSub.o [4]
__aeabi_i2d             0x080012cd         Code  Gb  I32ToDbl.o [4]
__aeabi_ldiv0           0x08001875         Code  Gb  I64DivZer.o [5]
__aeabi_memcpy          0x0800103d         Code  Gb  ABImemcpy.o [5]
__aeabi_memcpy4         0x0800105d         Code  Gb  ABImemcpy.o [5]
__aeabi_memcpy8         0x0800105d         Code  Gb  ABImemcpy.o [5]
__aeabi_memset          0x08002fd5         Code  Gb  ABImemset.o [5]
__aeabi_ui2d            0x080012e1         Code  Gb  I32ToDbl.o [4]
__aeabi_uldivmod        0x08000f4d         Code  Gb  I64DivMod.o [5]
__cmain                 0x08003c11         Code  Gb  cmain.o [5]
__exit                  0x08003c3d   0x14  Code  Gb  exit.o [6]
__iar_Dnorm             0x080010b3   0x44  Code  Gb  xdnorm.o [4]
__iar_Dscale            0x08001159  0x106  Code  Gb  xdscale.o [4]
__iar_Memchr            0x08000ef5         Code  Gb  memchr.o [5]
__iar_Memset            0x08002fd5         Code  Gb  ABImemset.o [5]
__iar_Memset_word       0x08002fdd         Code  Gb  ABImemset.o [5]
__iar_SB                0x08003cfc         Data  Gb  bwt_init3c.o [5]
__iar_Strchr            0x08000e91         Code  Gb  strchr.o [5]
__iar_d2uiz             0x080012ad         Code  Gb  DblToI32.o [4]
__iar_dadd              0x08001879         Code  Gb  DblAdd.o [4]
__iar_data_init3        0x08003b85   0x2c  Code  Gb  data_init3.o [5]
__iar_dsub              0x08001311         Code  Gb  DblSub.o [4]
__iar_dsubStart         0x08001323         Code  Gb  DblSub.o [4]
__iar_program_start     0x08003ced         Code  Gb  cstartup_M.o [5]
__iar_ui2d              0x080012e5         Code  Gb  I32ToDbl.o [4]
__iar_zero_init3        0x08000e6f   0x22  Code  Gb  zero_init3.o [5]
__low_level_init        0x08003c27    0x4  Code  Gb  low_level_init.o [3]
__vector_table          0x08000000  0x150  Data  Gb  app_vect.o [1]
_call_main              0x08003c1d         Code  Gb  cmain.o [5]
_exit                   0x08003c31         Code  Gb  cexit.o [5]
_main                   0x08003c23         Code  Gb  cmain.o [5]
div                     0x08001867    0xe  Code  Gb  div.o [3]
exit                    0x08003c2b    0x4  Code  Gb  exit.o [3]
iBfr                    0x20001890   0x10  Data  Lc  SerIODriver.o [1]
iBfrSpace               0x20001680   0x80  Data  Lc  SerIODriver.o [1]
main                    0x08003b41   0x1a  Code  Gb  Prog4.o [1]
memchr                  0x08000ef5         Code  Gb  memchr.o [5]
memset                  0x08002d5d   0x16  Code  Gb  Payload.o [1]
oBfr                    0x200018a0   0x10  Data  Lc  SerIODriver.o [1]
oBfrSpace               0x20001700   0x80  Data  Lc  SerIODriver.o [1]
sprintf                 0x08002d29   0x34  Code  Gb  sprintf.o [3]
strchr                  0x08000e91         Code  Gb  strchr.o [5]
strcpy                  0x080031f5         Code  Gb  strcpy.o [5]
strlen                  0x08000eb5         Code  Gb  strlen.o [5]
strncat                 0x08003239   0x2e  Code  Gb  strncat.o [3]
strncpy                 0x08002eb1         Code  Gb  strncpy.o [5]


[1] = D:\My Dropbox\Lowell\Embedded Systems\Prog4\App\Flash\Obj
[2] = command line
[3] = dl7M_tln.a
[4] = m7M_tl.a
[5] = rt7M_tl.a
[6] = shb_l.a
[7] = uC-CPU-CM3-IAR.a
[8] = uC-LIB-CM3-IAR.a
[9] = uCOS-III-CM3-IAR.a

  15 020 bytes of readonly  code memory
     592 bytes of readonly  data memory
   6 403 bytes of readwrite data memory

Errors: none
Warnings: none
